// Jest Snapshot v1, https://goo.gl/fbAQLP

exports[`Map correctly renders 1`] = `
<section
  className="cities__map map"
  id="mapid"
  style={
    Object {
      "height": 800,
      "width": "100%",
    }
  }
/>
`;
