// Jest Snapshot v1, https://goo.gl/fbAQLP

exports[`Main correctly renders 1`] = `
Array [
  <Header />,
  <main
    className="page__main page__main--index"
  >
    <h1
      className="visually-hidden"
    >
      Cities
    </h1>
    <div
      className="cities tabs"
    >
      <section
        className="locations container"
      >
        <ul
          className="locations__list tabs__list"
        >
          <li
            className="locations__item"
          >
            <a
              className="locations__item-link tabs__item tabs__item--active"
              onClick={[Function]}
            >
              <span>
                Paris
              </span>
            </a>
          </li>
          <li
            className="locations__item"
          >
            <a
              className="locations__item-link tabs__item "
              onClick={[Function]}
            >
              <span>
                Cologne
              </span>
            </a>
          </li>
        </ul>
      </section>
    </div>
    <div
      className="cities__places-wrapper"
    >
      <OffersEmpty
        currentCityName="Paris"
        currentOffersData={Array []}
      />
    </div>
  </main>,
]
`;
