// Jest Snapshot v1, https://goo.gl/fbAQLP

exports[`ReviewItem correctly renders 1`] = `
<li
  className="reviews__item"
>
  <div
    className="reviews__user user"
  >
    <div
      className="reviews__avatar-wrapper user__avatar-wrapper"
    >
      <img
        alt="Reviews avatar"
        className="reviews__avatar user__avatar"
        height="54"
        src="https://es31-server.appspot.com/six-cities/static/avatar/7.jpg"
        width="54"
      />
    </div>
    <span
      className="reviews__user-name"
    >
      Mollie
    </span>
  </div>
  <div
    className="reviews__info"
  >
    <div
      className="reviews__rating rating"
    >
      <div
        className="reviews__stars rating__stars"
      >
        <span
          style={
            Object {
              "width": "40%",
            }
          }
        />
        <span
          className="visually-hidden"
        >
          Rating
        </span>
      </div>
    </div>
    <p
      className="reviews__text"
    >
      Home is amazing. It's like staying in a museum. The rooms, furnishings and artworks are incredible. The views of My Vesuvius
    </p>
    <time
      className="reviews__time"
      dateTime="2019-06-23T05:59:03.102Z"
    >
      June 2019
    </time>
  </div>
</li>
`;
